// Jest Snapshot v1, https://goo.gl/fbAQLP

exports[`Pruebas en el componente PrimerApp Debe mostrar primerApp correctamente 1`] = `
<Fragment>
  <h1>
     
    Hola soy Diego
     !!!
  </h1>
  <p>
    soy un subtitulo
  </p>
</Fragment>
`;
